// Jest Snapshot v1, https://goo.gl/fbAQLP

exports[`Resume item component takes a snapshot of the component 1`] = `
<DocumentFragment>
  <div
    class="MuiPaper-root MuiCard-root makeStyles-root-1 MuiPaper-elevation1 MuiPaper-rounded"
  >
    <div
      class="MuiCardContent-root"
    >
      <div
        class="MuiBox-root MuiBox-root-8 makeStyles-dateContainer-3"
      >
        <svg
          aria-hidden="true"
          class="MuiSvgIcon-root makeStyles-icon-5"
          focusable="false"
          viewBox="0 0 24 24"
        >
          <path
            d="M20 3h-1V1h-2v2H7V1H5v2H4c-1.1 0-2 .9-2 2v16c0 1.1.9 2 2 2h16c1.1 0 2-.9 2-2V5c0-1.1-.9-2-2-2zm0 18H4V8h16v13z"
          />
        </svg>
        <h6
          class="MuiTypography-root makeStyles-dateText-4 MuiTypography-subtitle2"
        />
      </div>
      <p
        class="MuiTypography-root makeStyles-whereText-7 MuiTypography-body1"
      />
      <p
        class="MuiTypography-root makeStyles-titleText-6 MuiTypography-body2"
      />
      <p
        class="MuiTypography-root makeStyles-bodyText-2 MuiTypography-body2"
      />
    </div>
  </div>
</DocumentFragment>
`;
